// Jest Snapshot v1, https://goo.gl/fbAQLP

exports[`<EditItemScreen /> Snapshot test for EditItemScreen 1`] = `ReactWrapper {}`;
