// Jest Snapshot v1, https://goo.gl/fbAQLP

exports[`<ReceivedItemScreen /> snapshot test in ReceivedItemScreen 1`] = `ReactWrapper {}`;
