// Jest Snapshot v1, https://goo.gl/fbAQLP

exports[`<ScannerScreen /> snapshot test in ScannerScreen 1`] = `ReactWrapper {}`;
