// Jest Snapshot v1, https://goo.gl/fbAQLP

exports[`Test for IconButton Snapshot test 1`] = `ShallowWrapper {}`;
